<?xml version="1.0" encoding="UTF-8"?>
<testsuites name="jest tests" tests="1" failures="0" time="1.723">
  <testsuite name="src/App.test.js" errors="0" failures="0" skipped="0" timestamp="2019-08-21T20:58:28" time="1.073" tests="1">
    <testcase classname="-renders without crashing" name="-renders without crashing" time="0.023">
    </testcase>
  </testsuite>
</testsuites>